prisma.config.ts(4,10): error TS1295: ECMAScript imports and exports cannot be written in a CommonJS file under 'verbatimModuleSyntax'. Adjust the 'type' field in the nearest 'package.json' to make this file an ECMAScript module, or adjust your 'verbatimModuleSyntax', 'module', and 'moduleResolution' settings in TypeScript.
prisma.config.ts(6,1): error TS1295: ECMAScript imports and exports cannot be written in a CommonJS file under 'verbatimModuleSyntax'. Adjust the 'type' field in the nearest 'package.json' to make this file an ECMAScript module, or adjust your 'verbatimModuleSyntax', 'module', and 'moduleResolution' settings in TypeScript.
prisma.config.ts(11,3): error TS2375: Type '{ url: string | undefined; }' is not assignable to type '{ url?: string; shadowDatabaseUrl?: string; }' with 'exactOptionalPropertyTypes: true'. Consider adding 'undefined' to the types of the target's properties.
  Types of property 'url' are incompatible.
    Type 'string | undefined' is not assignable to type 'string'.
      Type 'undefined' is not assignable to type 'string'.
src/index.ts(1,8): error TS1295: ECMAScript imports and exports cannot be written in a CommonJS file under 'verbatimModuleSyntax'. Adjust the 'type' field in the nearest 'package.json' to make this file an ECMAScript module, or adjust your 'verbatimModuleSyntax', 'module', and 'moduleResolution' settings in TypeScript.
src/index.ts(2,8): error TS1295: ECMAScript imports and exports cannot be written in a CommonJS file under 'verbatimModuleSyntax'. Adjust the 'type' field in the nearest 'package.json' to make this file an ECMAScript module, or adjust your 'verbatimModuleSyntax', 'module', and 'moduleResolution' settings in TypeScript.
src/index.ts(3,8): error TS1295: ECMAScript imports and exports cannot be written in a CommonJS file under 'verbatimModuleSyntax'. Adjust the 'type' field in the nearest 'package.json' to make this file an ECMAScript module, or adjust your 'verbatimModuleSyntax', 'module', and 'moduleResolution' settings in TypeScript.
src/index.ts(4,8): error TS1295: ECMAScript imports and exports cannot be written in a CommonJS file under 'verbatimModuleSyntax'. Adjust the 'type' field in the nearest 'package.json' to make this file an ECMAScript module, or adjust your 'verbatimModuleSyntax', 'module', and 'moduleResolution' settings in TypeScript.
src/index.ts(5,10): error TS1295: ECMAScript imports and exports cannot be written in a CommonJS file under 'verbatimModuleSyntax'. Adjust the 'type' field in the nearest 'package.json' to make this file an ECMAScript module, or adjust your 'verbatimModuleSyntax', 'module', and 'moduleResolution' settings in TypeScript.
src/index.ts(5,22): error TS1295: ECMAScript imports and exports cannot be written in a CommonJS file under 'verbatimModuleSyntax'. Adjust the 'type' field in the nearest 'package.json' to make this file an ECMAScript module, or adjust your 'verbatimModuleSyntax', 'module', and 'moduleResolution' settings in TypeScript.
src/index.ts(7,8): error TS1295: ECMAScript imports and exports cannot be written in a CommonJS file under 'verbatimModuleSyntax'. Adjust the 'type' field in the nearest 'package.json' to make this file an ECMAScript module, or adjust your 'verbatimModuleSyntax', 'module', and 'moduleResolution' settings in TypeScript.
src/index.ts(8,8): error TS1295: ECMAScript imports and exports cannot be written in a CommonJS file under 'verbatimModuleSyntax'. Adjust the 'type' field in the nearest 'package.json' to make this file an ECMAScript module, or adjust your 'verbatimModuleSyntax', 'module', and 'moduleResolution' settings in TypeScript.
src/index.ts(9,8): error TS1295: ECMAScript imports and exports cannot be written in a CommonJS file under 'verbatimModuleSyntax'. Adjust the 'type' field in the nearest 'package.json' to make this file an ECMAScript module, or adjust your 'verbatimModuleSyntax', 'module', and 'moduleResolution' settings in TypeScript.
src/index.ts(10,8): error TS1295: ECMAScript imports and exports cannot be written in a CommonJS file under 'verbatimModuleSyntax'. Adjust the 'type' field in the nearest 'package.json' to make this file an ECMAScript module, or adjust your 'verbatimModuleSyntax', 'module', and 'moduleResolution' settings in TypeScript.
src/index.ts(11,8): error TS1295: ECMAScript imports and exports cannot be written in a CommonJS file under 'verbatimModuleSyntax'. Adjust the 'type' field in the nearest 'package.json' to make this file an ECMAScript module, or adjust your 'verbatimModuleSyntax', 'module', and 'moduleResolution' settings in TypeScript.
src/prisma.ts(1,10): error TS2305: Module '"@prisma/client"' has no exported member 'PrismaClient'.
src/prisma.ts(5,1): error TS1295: ECMAScript imports and exports cannot be written in a CommonJS file under 'verbatimModuleSyntax'. Adjust the 'type' field in the nearest 'package.json' to make this file an ECMAScript module, or adjust your 'verbatimModuleSyntax', 'module', and 'moduleResolution' settings in TypeScript.
src/redis.ts(1,10): error TS1295: ECMAScript imports and exports cannot be written in a CommonJS file under 'verbatimModuleSyntax'. Adjust the 'type' field in the nearest 'package.json' to make this file an ECMAScript module, or adjust your 'verbatimModuleSyntax', 'module', and 'moduleResolution' settings in TypeScript.
src/redis.ts(4,1): error TS1287: A top-level 'export' modifier cannot be used on value declarations in a CommonJS module when 'verbatimModuleSyntax' is enabled.
src/routes/analytics.ts(1,10): error TS1295: ECMAScript imports and exports cannot be written in a CommonJS file under 'verbatimModuleSyntax'. Adjust the 'type' field in the nearest 'package.json' to make this file an ECMAScript module, or adjust your 'verbatimModuleSyntax', 'module', and 'moduleResolution' settings in TypeScript.
src/routes/analytics.ts(2,8): error TS1295: ECMAScript imports and exports cannot be written in a CommonJS file under 'verbatimModuleSyntax'. Adjust the 'type' field in the nearest 'package.json' to make this file an ECMAScript module, or adjust your 'verbatimModuleSyntax', 'module', and 'moduleResolution' settings in TypeScript.
src/routes/analytics.ts(38,1): error TS1295: ECMAScript imports and exports cannot be written in a CommonJS file under 'verbatimModuleSyntax'. Adjust the 'type' field in the nearest 'package.json' to make this file an ECMAScript module, or adjust your 'verbatimModuleSyntax', 'module', and 'moduleResolution' settings in TypeScript.
src/routes/cameras.ts(1,10): error TS1295: ECMAScript imports and exports cannot be written in a CommonJS file under 'verbatimModuleSyntax'. Adjust the 'type' field in the nearest 'package.json' to make this file an ECMAScript module, or adjust your 'verbatimModuleSyntax', 'module', and 'moduleResolution' settings in TypeScript.
src/routes/cameras.ts(2,8): error TS1295: ECMAScript imports and exports cannot be written in a CommonJS file under 'verbatimModuleSyntax'. Adjust the 'type' field in the nearest 'package.json' to make this file an ECMAScript module, or adjust your 'verbatimModuleSyntax', 'module', and 'moduleResolution' settings in TypeScript.
src/routes/cameras.ts(28,1): error TS1295: ECMAScript imports and exports cannot be written in a CommonJS file under 'verbatimModuleSyntax'. Adjust the 'type' field in the nearest 'package.json' to make this file an ECMAScript module, or adjust your 'verbatimModuleSyntax', 'module', and 'moduleResolution' settings in TypeScript.
src/routes/system.ts(1,10): error TS1295: ECMAScript imports and exports cannot be written in a CommonJS file under 'verbatimModuleSyntax'. Adjust the 'type' field in the nearest 'package.json' to make this file an ECMAScript module, or adjust your 'verbatimModuleSyntax', 'module', and 'moduleResolution' settings in TypeScript.
src/routes/system.ts(15,1): error TS1295: ECMAScript imports and exports cannot be written in a CommonJS file under 'verbatimModuleSyntax'. Adjust the 'type' field in the nearest 'package.json' to make this file an ECMAScript module, or adjust your 'verbatimModuleSyntax', 'module', and 'moduleResolution' settings in TypeScript.
src/routes/updates.ts(1,10): error TS1295: ECMAScript imports and exports cannot be written in a CommonJS file under 'verbatimModuleSyntax'. Adjust the 'type' field in the nearest 'package.json' to make this file an ECMAScript module, or adjust your 'verbatimModuleSyntax', 'module', and 'moduleResolution' settings in TypeScript.
src/routes/updates.ts(2,8): error TS1295: ECMAScript imports and exports cannot be written in a CommonJS file under 'verbatimModuleSyntax'. Adjust the 'type' field in the nearest 'package.json' to make this file an ECMAScript module, or adjust your 'verbatimModuleSyntax', 'module', and 'moduleResolution' settings in TypeScript.
src/routes/updates.ts(30,1): error TS1295: ECMAScript imports and exports cannot be written in a CommonJS file under 'verbatimModuleSyntax'. Adjust the 'type' field in the nearest 'package.json' to make this file an ECMAScript module, or adjust your 'verbatimModuleSyntax', 'module', and 'moduleResolution' settings in TypeScript.
src/routes/violations.ts(1,10): error TS1295: ECMAScript imports and exports cannot be written in a CommonJS file under 'verbatimModuleSyntax'. Adjust the 'type' field in the nearest 'package.json' to make this file an ECMAScript module, or adjust your 'verbatimModuleSyntax', 'module', and 'moduleResolution' settings in TypeScript.
src/routes/violations.ts(2,8): error TS1295: ECMAScript imports and exports cannot be written in a CommonJS file under 'verbatimModuleSyntax'. Adjust the 'type' field in the nearest 'package.json' to make this file an ECMAScript module, or adjust your 'verbatimModuleSyntax', 'module', and 'moduleResolution' settings in TypeScript.
src/routes/violations.ts(3,10): error TS1295: ECMAScript imports and exports cannot be written in a CommonJS file under 'verbatimModuleSyntax'. Adjust the 'type' field in the nearest 'package.json' to make this file an ECMAScript module, or adjust your 'verbatimModuleSyntax', 'module', and 'moduleResolution' settings in TypeScript.
src/routes/violations.ts(49,1): error TS1295: ECMAScript imports and exports cannot be written in a CommonJS file under 'verbatimModuleSyntax'. Adjust the 'type' field in the nearest 'package.json' to make this file an ECMAScript module, or adjust your 'verbatimModuleSyntax', 'module', and 'moduleResolution' settings in TypeScript.
src/socket.ts(1,10): error TS1295: ECMAScript imports and exports cannot be written in a CommonJS file under 'verbatimModuleSyntax'. Adjust the 'type' field in the nearest 'package.json' to make this file an ECMAScript module, or adjust your 'verbatimModuleSyntax', 'module', and 'moduleResolution' settings in TypeScript.
src/socket.ts(2,10): error TS1295: ECMAScript imports and exports cannot be written in a CommonJS file under 'verbatimModuleSyntax'. Adjust the 'type' field in the nearest 'package.json' to make this file an ECMAScript module, or adjust your 'verbatimModuleSyntax', 'module', and 'moduleResolution' settings in TypeScript.
src/socket.ts(3,10): error TS1295: ECMAScript imports and exports cannot be written in a CommonJS file under 'verbatimModuleSyntax'. Adjust the 'type' field in the nearest 'package.json' to make this file an ECMAScript module, or adjust your 'verbatimModuleSyntax', 'module', and 'moduleResolution' settings in TypeScript.
src/socket.ts(7,1): error TS1287: A top-level 'export' modifier cannot be used on value declarations in a CommonJS module when 'verbatimModuleSyntax' is enabled.
src/socket.ts(26,1): error TS1287: A top-level 'export' modifier cannot be used on value declarations in a CommonJS module when 'verbatimModuleSyntax' is enabled.
src/socket.ts(34,1): error TS1287: A top-level 'export' modifier cannot be used on value declarations in a CommonJS module when 'verbatimModuleSyntax' is enabled.
